Archive member included to satisfy reference by file (symbol)

c:/nxp/mcuxpressoide_11.0.0_2516/ide/plugins/com.nxp.mcuxpresso.tools.win32_11.0.0.201905131304/tools/bin/../lib/gcc/arm-none-eabi/8.2.1/../../../../arm-none-eabi/lib/thumb/v6-m/nofp\libcr_semihost_nf.a(_cr__main.o)
                              ./debug/startup_mkl25z4.o (__main)
c:/nxp/mcuxpressoide_11.0.0_2516/ide/plugins/com.nxp.mcuxpresso.tools.win32_11.0.0.201905131304/tools/bin/../lib/gcc/arm-none-eabi/8.2.1/../../../../arm-none-eabi/lib/thumb/v6-m/nofp\libcr_c.a(memcpy.o)
                              ./debug/fsl_flash.o (memcpy)
c:/nxp/mcuxpressoide_11.0.0_2516/ide/plugins/com.nxp.mcuxpresso.tools.win32_11.0.0.201905131304/tools/bin/../lib/gcc/arm-none-eabi/8.2.1/../../../../arm-none-eabi/lib/thumb/v6-m/nofp\libcr_c.a(memset.o)
                              ./debug/fsl_flash.o (memset)
c:/nxp/mcuxpressoide_11.0.0_2516/ide/plugins/com.nxp.mcuxpresso.tools.win32_11.0.0.201905131304/tools/bin/../lib/gcc/arm-none-eabi/8.2.1/../../../../arm-none-eabi/lib/thumb/v6-m/nofp\libcr_c.a(cr_clock.o)
                              ./debug/PES_Project_2.o (clock)
c:/nxp/mcuxpressoide_11.0.0_2516/ide/plugins/com.nxp.mcuxpresso.tools.win32_11.0.0.201905131304/tools/bin/../lib/gcc/arm-none-eabi/8.2.1/../../../../arm-none-eabi/lib/thumb/v6-m/nofp\libcr_c.a(cr_time.o)
                              ./debug/PES_Project_2.o (time)
c:/nxp/mcuxpressoide_11.0.0_2516/ide/plugins/com.nxp.mcuxpresso.tools.win32_11.0.0.201905131304/tools/bin/../lib/gcc/arm-none-eabi/8.2.1/../../../../arm-none-eabi/lib/thumb/v6-m/nofp\libcr_c.a(initio.o)
                              c:/nxp/mcuxpressoide_11.0.0_2516/ide/plugins/com.nxp.mcuxpresso.tools.win32_11.0.0.201905131304/tools/bin/../lib/gcc/arm-none-eabi/8.2.1/../../../../arm-none-eabi/lib/thumb/v6-m/nofp\libcr_semihost_nf.a(_cr__main.o) (_initio)
c:/nxp/mcuxpressoide_11.0.0_2516/ide/plugins/com.nxp.mcuxpresso.tools.win32_11.0.0.201905131304/tools/bin/../lib/gcc/arm-none-eabi/8.2.1/../../../../arm-none-eabi/lib/thumb/v6-m/nofp\libcr_c.a(printf.o)
                              ./debug/PES_Project_2.o (_printf)
c:/nxp/mcuxpressoide_11.0.0_2516/ide/plugins/com.nxp.mcuxpresso.tools.win32_11.0.0.201905131304/tools/bin/../lib/gcc/arm-none-eabi/8.2.1/../../../../arm-none-eabi/lib/thumb/v6-m/nofp\libcr_c.a(setvbuf.o)
                              c:/nxp/mcuxpressoide_11.0.0_2516/ide/plugins/com.nxp.mcuxpresso.tools.win32_11.0.0.201905131304/tools/bin/../lib/gcc/arm-none-eabi/8.2.1/../../../../arm-none-eabi/lib/thumb/v6-m/nofp\libcr_c.a(initio.o) (setvbuf)
c:/nxp/mcuxpressoide_11.0.0_2516/ide/plugins/com.nxp.mcuxpresso.tools.win32_11.0.0.201905131304/tools/bin/../lib/gcc/arm-none-eabi/8.2.1/../../../../arm-none-eabi/lib/thumb/v6-m/nofp\libcr_c.a(strlen.o)
                              ./debug/fsl_debug_console.o (strlen)
c:/nxp/mcuxpressoide_11.0.0_2516/ide/plugins/com.nxp.mcuxpresso.tools.win32_11.0.0.201905131304/tools/bin/../lib/gcc/arm-none-eabi/8.2.1/../../../../arm-none-eabi/lib/thumb/v6-m/nofp\libcr_c.a(time.o)
                              ./debug/PES_Project_2.o (localtime)
c:/nxp/mcuxpressoide_11.0.0_2516/ide/plugins/com.nxp.mcuxpresso.tools.win32_11.0.0.201905131304/tools/bin/../lib/gcc/arm-none-eabi/8.2.1/../../../../arm-none-eabi/lib/thumb/v6-m/nofp\libcr_c.a(_deferredlazyseek.o)
                              c:/nxp/mcuxpressoide_11.0.0_2516/ide/plugins/com.nxp.mcuxpresso.tools.win32_11.0.0.201905131304/tools/bin/../lib/gcc/arm-none-eabi/8.2.1/../../../../arm-none-eabi/lib/thumb/v6-m/nofp\libcr_c.a(printf.o) (__flsbuf)
c:/nxp/mcuxpressoide_11.0.0_2516/ide/plugins/com.nxp.mcuxpresso.tools.win32_11.0.0.201905131304/tools/bin/../lib/gcc/arm-none-eabi/8.2.1/../../../../arm-none-eabi/lib/thumb/v6-m/nofp\libcr_c.a(_fdopen.o)
                              c:/nxp/mcuxpressoide_11.0.0_2516/ide/plugins/com.nxp.mcuxpresso.tools.win32_11.0.0.201905131304/tools/bin/../lib/gcc/arm-none-eabi/8.2.1/../../../../arm-none-eabi/lib/thumb/v6-m/nofp\libcr_c.a(initio.o) (_fdopen)
c:/nxp/mcuxpressoide_11.0.0_2516/ide/plugins/com.nxp.mcuxpresso.tools.win32_11.0.0.201905131304/tools/bin/../lib/gcc/arm-none-eabi/8.2.1/../../../../arm-none-eabi/lib/thumb/v6-m/nofp\libcr_c.a(_fflush.o)
                              c:/nxp/mcuxpressoide_11.0.0_2516/ide/plugins/com.nxp.mcuxpresso.tools.win32_11.0.0.201905131304/tools/bin/../lib/gcc/arm-none-eabi/8.2.1/../../../../arm-none-eabi/lib/thumb/v6-m/nofp\libcr_c.a(_deferredlazyseek.o) (_fflush)
c:/nxp/mcuxpressoide_11.0.0_2516/ide/plugins/com.nxp.mcuxpresso.tools.win32_11.0.0.201905131304/tools/bin/../lib/gcc/arm-none-eabi/8.2.1/../../../../arm-none-eabi/lib/thumb/v6-m/nofp\libcr_c.a(_writebuf.o)
                              c:/nxp/mcuxpressoide_11.0.0_2516/ide/plugins/com.nxp.mcuxpresso.tools.win32_11.0.0.201905131304/tools/bin/../lib/gcc/arm-none-eabi/8.2.1/../../../../arm-none-eabi/lib/thumb/v6-m/nofp\libcr_c.a(_deferredlazyseek.o) (_Cwritebuf)
[...]
Memory Configuration

Name             Origin             Length             Attributes
PROGRAM_FLASH    0x00000000         0x00020000         xr
SRAM             0x1ffff000         0x00004000         xrw
*default*        0x00000000         0xffffffff

Linker script and memory map

LOAD ./debug/PES_Project_2.o
LOAD ./debug/led.o
LOAD ./debug/startup_mkl25z4.o
LOAD ./debug/system_MKL25Z4.o
LOAD ./debug/board.o
LOAD ./debug/clock_config.o
LOAD ./debug/peripherals.o
LOAD ./debug/pin_mux.o
LOAD ./debug/fsl_clock.o
LOAD ./debug/fsl_common.o
LOAD ./debug/fsl_flash.o
LOAD ./debug/fsl_gpio.o
LOAD ./debug/fsl_lpsci.o
LOAD ./debug/fsl_smc.o
LOAD ./debug/fsl_uart.o
LOAD ./debug/fsl_debug_console.o
START GROUP
LOAD c:/nxp/mcuxpressoide_11.0.0_2516/ide/plugins/com.nxp.mcuxpresso.tools.win32_11.0.0.201905131304/tools/bin/../lib/gcc/arm-none-eabi/8.2.1/../../../../arm-none-eabi/lib/thumb/v6-m/nofp\libcr_semihost_nf.a
LOAD c:/nxp/mcuxpressoide_11.0.0_2516/ide/plugins/com.nxp.mcuxpresso.tools.win32_11.0.0.201905131304/tools/bin/../lib/gcc/arm-none-eabi/8.2.1/../../../../arm-none-eabi/lib/thumb/v6-m/nofp\libcr_c.a
LOAD c:/nxp/mcuxpressoide_11.0.0_2516/ide/plugins/com.nxp.mcuxpresso.tools.win32_11.0.0.201905131304/tools/bin/../lib/gcc/arm-none-eabi/8.2.1/thumb/v6-m/nofp\libcr_eabihelpers.a
END GROUP
                0x00000000                __base_PROGRAM_FLASH = 0x0
                0x00000000                __base_Flash = 0x0
                0x00020000                __top_PROGRAM_FLASH = 0x20000
                0x00020000                __top_Flash = 0x20000
                0x1ffff000                __base_SRAM = 0x1ffff000
                0x1ffff000                __base_RAM = 0x1ffff000
                0x20003000                __top_SRAM = 0x20003000
                0x20003000                __top_RAM = 0x20003000

.text           0x00000000     0x3394
 FILL mask 0xff
                0x00000000                __vectors_start__ = ABSOLUTE (.)
 *(.isr_vector)
 .isr_vector    0x00000000       0xc0 ./debug/startup_mkl25z4.o
                0x00000000                g_pfnVectors
                0x00000000                __Vectors
                0x000000c0                . = ALIGN (0x4)
                0x000000c0                __section_table_start = .
                0x000000c0                __data_section_table = .
                0x000000c0        0x4 LONG 0x3394 LOADADDR (.data)
                0x000000c4        0x4 LONG 0x1ffff000 ADDR (.data)
                0x000000c8        0x4 LONG 0x58 SIZEOF (.data)
                0x000000cc                __data_section_table_end = .
                0x000000cc                __bss_section_table = .
                0x000000cc        0x4 LONG 0x1ffff058 ADDR (.bss)
                0x000000d0        0x4 LONG 0xf0 SIZEOF (.bss)
                0x000000d4                __bss_section_table_end = .
                0x000000d4                __section_table_end = .
 *(.after_vectors*)
 .after_vectors.init_data
                0x000000d4       0x12 ./debug/startup_mkl25z4.o
                0x000000d4                data_init
 .after_vectors.init_bss
                0x000000e6       0x10 ./debug/startup_mkl25z4.o
                0x000000e6                bss_init
 *fill*         0x000000f6        0x2 ff
 .after_vectors.reset
                0x000000f8       0x4c ./debug/startup_mkl25z4.o
                0x000000f8                ResetISR
 .after_vectors
                0x00000144      0x10c ./debug/startup_mkl25z4.o
                0x00000144                NMI_Handler
                0x00000146                HardFault_Handler
                0x00000148                SVC_Handler
                0x0000014a                PendSV_Handler
                0x0000014c                SysTick_Handler
                0x0000014e                LPTMR0_DriverIRQHandler
                0x0000014e                Reserved39_DriverIRQHandler
                0x0000014e                I2C0_DriverIRQHandler
                0x0000014e                SPI1_DriverIRQHandler
                0x0000014e                DMA0_DriverIRQHandler
                0x0000014e                PORTD_DriverIRQHandler
                0x0000014e                DMA2_DriverIRQHandler
                0x0000014e                CMP0_DriverIRQHandler
                0x0000014e                TPM2_DriverIRQHandler
                0x0000014e                ADC0_DriverIRQHandler
                0x0000014e                SPI0_DriverIRQHandler
                0x0000014e                TSI0_DriverIRQHandler
                0x0000014e                RTC_Seconds_DriverIRQHandler
                0x0000014e                I2C1_DriverIRQHandler
                0x0000014e                DMA3_DriverIRQHandler
                0x0000014e                LLWU_DriverIRQHandler
                0x0000014e                MCG_DriverIRQHandler
                0x0000014e                DMA1_DriverIRQHandler
                0x0000014e                PIT_DriverIRQHandler
                0x0000014e                RTC_DriverIRQHandler
                0x0000014e                FTFA_DriverIRQHandler
                0x0000014e                IntDefaultHandler
                0x0000014e                USB0_DriverIRQHandler
                0x0000014e                DAC0_DriverIRQHandler
                0x0000014e                TPM1_DriverIRQHandler
                0x0000014e                LVD_LVW_DriverIRQHandler
                0x0000014e                TPM0_DriverIRQHandler
                0x0000014e                PORTA_DriverIRQHandler
                0x0000014e                Reserved20_DriverIRQHandler
                0x0000014e                Reserved45_DriverIRQHandler
                0x00000150                DMA0_IRQHandler
                0x00000158                DMA1_IRQHandler
                0x00000160                DMA2_IRQHandler
                0x00000168                DMA3_IRQHandler
                0x00000170                Reserved20_IRQHandler
                0x00000178                FTFA_IRQHandler
                0x00000180                LVD_LVW_IRQHandler
                0x00000188                LLWU_IRQHandler
                0x00000190                I2C0_IRQHandler
                0x00000198                I2C1_IRQHandler
                0x000001a0                SPI0_IRQHandler
                0x000001a8                SPI1_IRQHandler
                0x000001b0                UART0_IRQHandler
                0x000001b8                UART1_IRQHandler
                0x000001c0                UART2_IRQHandler
                0x000001c8                ADC0_IRQHandler
                0x000001d0                CMP0_IRQHandler
                0x000001d8                TPM0_IRQHandler
                0x000001e0                TPM1_IRQHandler
                0x000001e8                TPM2_IRQHandler
                0x000001f0                RTC_IRQHandler
                0x000001f8                RTC_Seconds_IRQHandler
                0x00000200                PIT_IRQHandler
                0x00000208                Reserved39_IRQHandler
                0x00000210                USB0_IRQHandler
                0x00000218                DAC0_IRQHandler
                0x00000220                TSI0_IRQHandler
                0x00000228                MCG_IRQHandler
                0x00000230                LPTMR0_IRQHandler
                0x00000238                Reserved45_IRQHandler
                0x00000240                PORTA_IRQHandler
                0x00000248                PORTD_IRQHandler
                0x00000400                . = 0x400
 *fill*         0x00000250      0x1b0 ff
                0x00000400                PROVIDE (__FLASH_CONFIG_START__ = .)
 *(.FlashConfig)
 .FlashConfig   0x00000400       0x10 ./debug/startup_mkl25z4.o
                0x00000400                Flash_Config
                0x00000410                PROVIDE (__FLASH_CONFIG_END__ = .)
                0x00000001                ASSERT (! ((__FLASH_CONFIG_START__ == __FLASH_CONFIG_END__)), Linker Flash Config Support Enabled, but no .FlashConfig section provided within application)
 *(.text*)
 .text.main     0x00000410       0x14 ./debug/PES_Project_2.o
                0x00000410                main
 .text.GPIO_WritePinOutput
                0x00000424       0x34 ./debug/led.o
 .text.GPIO_SetPinsOutput
                0x00000458       0x18 ./debug/led.o
 .text.GPIO_ClearPinsOutput
                0x00000470       0x18 ./debug/led.o
 .text.led_Initialize
                0x00000488       0x70 ./debug/led.o
                0x00000488                led_Initialize
 .text.Blink    0x000004f8      0x3d8 ./debug/led.o
                0x000004f8                Blink
 .text.Delay    0x000008d0       0x2c ./debug/led.o
                0x000008d0                Delay
 .text.SystemInit
                0x000008fc       0x18 ./debug/system_MKL25Z4.o
                0x000008fc                SystemInit
 .text.CLOCK_SetLpsci0Clock
                0x00000914       0x38 ./debug/board.o
 .text.BOARD_InitDebugConsole
                0x0000094c       0x30 ./debug/board.o
                0x0000094c                BOARD_InitDebugConsole
 .text.CLOCK_SetSimSafeDivs
                0x0000097c       0x20 ./debug/clock_config.o
 .text.CLOCK_SetXtal0Freq
                0x0000099c       0x1c ./debug/clock_config.o
 .text.CLOCK_CONFIG_SetFllExtRefDiv
                0x000009b8       0x3c ./debug/clock_config.o
 .text.BOARD_InitBootClocks
                0x000009f4        0xe ./debug/clock_config.o
                0x000009f4                BOARD_InitBootClocks
 *fill*         0x00000a02        0x2 ff
 .text.BOARD_BootClockRUN
                0x00000a04       0x64 ./debug/clock_config.o
                0x00000a04                BOARD_BootClockRUN
 .text.BOARD_InitBootPeripherals
                0x00000a68        0xa ./debug/peripherals.o
                0x00000a68                BOARD_InitBootPeripherals
 *fill*         0x00000a72        0x2 ff
 .text.CLOCK_EnableClock
                0x00000a74       0x34 ./debug/pin_mux.o
 .text.PORT_SetPinMux
                0x00000aa8       0x40 ./debug/pin_mux.o
 .text.BOARD_InitBootPins
                0x00000ae8        0xe ./debug/pin_mux.o
                0x00000ae8                BOARD_InitBootPins
 *fill*         0x00000af6        0x2 ff
 .text.BOARD_InitPins
                0x00000af8       0x90 ./debug/pin_mux.o
                0x00000af8                BOARD_InitPins
 .text.CLOCK_SetEr32kClock
                0x00000b88       0x34 ./debug/fsl_clock.o
 .text.CLOCK_SetPllFllSelClock
                0x00000bbc       0x38 ./debug/fsl_clock.o
 .text.OSC_SetExtRefClkConfig
                0x00000bf4       0x3e ./debug/fsl_clock.o
 .text.OSC_SetCapLoad
                0x00000c32       0x42 ./debug/fsl_clock.o
 .text.CLOCK_GetMcgExtClkFreq
                0x00000c74       0x28 ./debug/fsl_clock.o
 .text.CLOCK_GetFllExtRefClkFreq
                0x00000c9c       0xa4 ./debug/fsl_clock.o
 .text.CLOCK_GetFllRefClkFreq
                0x00000d40       0x2c ./debug/fsl_clock.o
 .text.CLOCK_GetPll0RefFreq
                0x00000d6c       0x10 ./debug/fsl_clock.o
 .text.CLOCK_GetOscRangeFromFreq
                0x00000d7c       0x4c ./debug/fsl_clock.o
 .text.CLOCK_GetPllFllSelClkFreq
                0x00000dc8       0x4c ./debug/fsl_clock.o
                0x00000dc8                CLOCK_GetPllFllSelClkFreq
 .text.CLOCK_SetSimConfig
                0x00000e14       0x38 ./debug/fsl_clock.o
                0x00000e14                CLOCK_SetSimConfig
 .text.CLOCK_GetFllFreq
                0x00000e4c       0x84 ./debug/fsl_clock.o
                0x00000e4c                CLOCK_GetFllFreq
 .text.CLOCK_GetPll0Freq
                0x00000ed0       0x70 ./debug/fsl_clock.o
                0x00000ed0                CLOCK_GetPll0Freq
 .text.CLOCK_SetExternalRefClkConfig
                0x00000f40       0x16 ./debug/fsl_clock.o
                0x00000f40                CLOCK_SetExternalRefClkConfig
 *fill*         0x00000f56        0x2 ff
 .text.CLOCK_SetInternalRefClkConfig
                0x00000f58      0x124 ./debug/fsl_clock.o
                0x00000f58                CLOCK_SetInternalRefClkConfig
 .text.CLOCK_EnablePll0
                0x0000107c       0x90 ./debug/fsl_clock.o
                0x0000107c                CLOCK_EnablePll0
 .text.CLOCK_InitOsc0
                0x0000110c       0x94 ./debug/fsl_clock.o
                0x0000110c                CLOCK_InitOsc0
 .text.CLOCK_SetPbeMode
                0x000011a0       0xb0 ./debug/fsl_clock.o
                0x000011a0                CLOCK_SetPbeMode
 .text.CLOCK_BootToPeeMode
                0x00001250       0x70 ./debug/fsl_clock.o
                0x00001250                CLOCK_BootToPeeMode
 .text.__assertion_failed
                0x000012c0       0x1c ./debug/fsl_common.o
                0x000012c0                __assertion_failed
 .text.CLOCK_EnableClock
                0x000012dc       0x34 ./debug/fsl_lpsci.o
 .text.LPSCI_GetInstance
                0x00001310       0x48 ./debug/fsl_lpsci.o
                0x00001310                LPSCI_GetInstance
 .text.LPSCI_Init
                0x00001358      0x258 ./debug/fsl_lpsci.o
                0x00001358                LPSCI_Init
 .text.LPSCI_GetDefaultConfig
                0x000015b0       0x44 ./debug/fsl_lpsci.o
                0x000015b0                LPSCI_GetDefaultConfig
 .text.LPSCI_GetStatusFlags
                0x000015f4       0x26 ./debug/fsl_lpsci.o
                0x000015f4                LPSCI_GetStatusFlags
 *fill*         0x0000161a        0x2 ff
 .text.LPSCI_ClearStatusFlags
                0x0000161c       0x94 ./debug/fsl_lpsci.o
                0x0000161c                LPSCI_ClearStatusFlags
 .text.LPSCI_WriteBlocking
                0x000016b0       0x4c ./debug/fsl_lpsci.o
                0x000016b0                LPSCI_WriteBlocking
 .text.LPSCI_ReadBlocking
                0x000016fc       0xc0 ./debug/fsl_lpsci.o
                0x000016fc                LPSCI_ReadBlocking
 .text.UART0_DriverIRQHandler
                0x000017bc       0x24 ./debug/fsl_lpsci.o
                0x000017bc                UART0_DriverIRQHandler
 .text.CLOCK_EnableClock
                0x000017e0       0x34 ./debug/fsl_uart.o
 .text.UART_GetInstance
                0x00001814       0x54 ./debug/fsl_uart.o
                0x00001814                UART_GetInstance
 .text.UART_Init
                0x00001868      0x1e0 ./debug/fsl_uart.o
                0x00001868                UART_Init
 .text.UART_GetDefaultConfig
                0x00001a48       0x44 ./debug/fsl_uart.o
                0x00001a48                UART_GetDefaultConfig
 .text.UART_GetStatusFlags
                0x00001a8c       0x26 ./debug/fsl_uart.o
                0x00001a8c                UART_GetStatusFlags
 .text.UART_WriteBlocking
                0x00001ab2       0x3a ./debug/fsl_uart.o
                0x00001ab2                UART_WriteBlocking
 .text.UART_ReadBlocking
                0x00001aec       0x98 ./debug/fsl_uart.o
                0x00001aec                UART_ReadBlocking
 .text.UART1_DriverIRQHandler
                0x00001b84       0x24 ./debug/fsl_uart.o
                0x00001b84                UART1_DriverIRQHandler
 .text.UART2_DriverIRQHandler
                0x00001ba8       0x24 ./debug/fsl_uart.o
                0x00001ba8                UART2_DriverIRQHandler
 .text.UART_EnableTx
                0x00001bcc       0x40 ./debug/fsl_debug_console.o
 .text.UART_EnableRx
                0x00001c0c       0x40 ./debug/fsl_debug_console.o
 .text.LPSCI_EnableTx
                0x00001c4c       0x40 ./debug/fsl_debug_console.o
 .text.LPSCI_EnableRx
                0x00001c8c       0x40 ./debug/fsl_debug_console.o
 .text.DbgConsole_Init
                0x00001ccc       0xf0 ./debug/fsl_debug_console.o
                0x00001ccc                DbgConsole_Init
 .text.DbgConsole_Printf
                0x00001dbc       0x44 ./debug/fsl_debug_console.o
                0x00001dbc                DbgConsole_Printf
 .text.DbgConsole_Putchar
                0x00001e00       0x34 ./debug/fsl_debug_console.o
                0x00001e00                DbgConsole_Putchar
 .text.DbgConsole_PrintfPaddingCharacter
                0x00001e34       0x46 ./debug/fsl_debug_console.o
 .text.DbgConsole_ConvertRadixNumToString
                0x00001e7a      0x114 ./debug/fsl_debug_console.o
 .text.DbgConsole_PrintfFormattedData
                0x00001f8e      0x336 ./debug/fsl_debug_console.o
 .text.__main   0x000022c4        0xc c:/nxp/mcuxpressoide_11.0.0_2516/ide/plugins/com.nxp.mcuxpresso.tools.win32_11.0.0.201905131304/tools/bin/../lib/gcc/arm-none-eabi/8.2.1/../../../../arm-none-eabi/lib/thumb/v6-m/nofp\libcr_semihost_nf.a(_cr__main.o)
                0x000022c4                __CR_SEMIHOST
                0x000022c4                __main
 .text.memset   0x000022d0        0x8 c:/nxp/mcuxpressoide_11.0.0_2516/ide/plugins/com.nxp.mcuxpresso.tools.win32_11.0.0.201905131304/tools/bin/../lib/gcc/arm-none-eabi/8.2.1/../../../../arm-none-eabi/lib/thumb/v6-m/nofp\libcr_c.a(memset.o)
                0x000022d0                memset
 .text._initio  0x000022d8       0x7c c:/nxp/mcuxpressoide_11.0.0_2516/ide/plugins/com.nxp.mcuxpresso.tools.win32_11.0.0.201905131304/tools/bin/../lib/gcc/arm-none-eabi/8.2.1/../../../../arm-none-eabi/lib/thumb/v6-m/nofp\libcr_c.a(initio.o)
                0x000022d8                _initio
 .text.setvbuf  0x00002354       0x4c c:/nxp/mcuxpressoide_11.0.0_2516/ide/plugins/com.nxp.mcuxpresso.tools.win32_11.0.0.201905131304/tools/bin/../lib/gcc/arm-none-eabi/8.2.1/../../../../arm-none-eabi/lib/thumb/v6-m/nofp\libcr_c.a(setvbuf.o)
                0x00002354                setvbuf
 .text.strlen   0x000023a0       0x58 c:/nxp/mcuxpressoide_11.0.0_2516/ide/plugins/com.nxp.mcuxpresso.tools.win32_11.0.0.201905131304/tools/bin/../lib/gcc/arm-none-eabi/8.2.1/../../../../arm-none-eabi/lib/thumb/v6-m/nofp\libcr_c.a(strlen.o)
                0x000023a0                strlen
 .text._deferredlazyseek
                0x000023f8       0x40 c:/nxp/mcuxpressoide_11.0.0_2516/ide/plugins/com.nxp.mcuxpresso.tools.win32_11.0.0.201905131304/tools/bin/../lib/gcc/arm-none-eabi/8.2.1/../../../../arm-none-eabi/lib/thumb/v6-m/nofp\libcr_c.a(_deferredlazyseek.o)
                0x000023f8                _deferredlazyseek
 .text._fdopen  0x00002438       0x74 c:/nxp/mcuxpressoide_11.0.0_2516/ide/plugins/com.nxp.mcuxpresso.tools.win32_11.0.0.201905131304/tools/bin/../lib/gcc/arm-none-eabi/8.2.1/../../../../arm-none-eabi/lib/thumb/v6-m/nofp\libcr_c.a(_fdopen.o)
                0x00002438                _fdopen
 .text._fflush  0x000024ac       0x5c c:/nxp/mcuxpressoide_11.0.0_2516/ide/plugins/com.nxp.mcuxpresso.tools.win32_11.0.0.201905131304/tools/bin/../lib/gcc/arm-none-eabi/8.2.1/../../../../arm-none-eabi/lib/thumb/v6-m/nofp\libcr_c.a(_fflush.o)
                0x000024ac                _fflush
 .text._Cwritebuf
                0x00002508       0x68 c:/nxp/mcuxpressoide_11.0.0_2516/ide/plugins/com.nxp.mcuxpresso.tools.win32_11.0.0.201905131304/tools/bin/../lib/gcc/arm-none-eabi/8.2.1/../../../../arm-none-eabi/lib/thumb/v6-m/nofp\libcr_c.a(_writebuf.o)
                0x00002508                _Cwritebuf
 .text.free     0x00002570       0x2c c:/nxp/mcuxpressoide_11.0.0_2516/ide/plugins/com.nxp.mcuxpresso.tools.win32_11.0.0.201905131304/tools/bin/../lib/gcc/arm-none-eabi/8.2.1/../../../../arm-none-eabi/lib/thumb/v6-m/nofp\libcr_c.a(alloc.o)
                0x00002570                free
 .text.fclose   0x0000259c       0x5c c:/nxp/mcuxpressoide_11.0.0_2516/ide/plugins/com.nxp.mcuxpresso.tools.win32_11.0.0.201905131304/tools/bin/../lib/gcc/arm-none-eabi/8.2.1/../../../../arm-none-eabi/lib/thumb/v6-m/nofp\libcr_c.a(fclose.o)
                0x0000259c                fclose
 .text.fflush   0x000025f8       0x44 c:/nxp/mcuxpressoide_11.0.0_2516/ide/plugins/com.nxp.mcuxpresso.tools.win32_11.0.0.201905131304/tools/bin/../lib/gcc/arm-none-eabi/8.2.1/../../../../arm-none-eabi/lib/thumb/v6-m/nofp\libcr_c.a(fflush.o)
                0x000025f8                fflush
 .text.fseek    0x0000263c       0xf0 c:/nxp/mcuxpressoide_11.0.0_2516/ide/plugins/com.nxp.mcuxpresso.tools.win32_11.0.0.201905131304/tools/bin/../lib/gcc/arm-none-eabi/8.2.1/../../../../arm-none-eabi/lib/thumb/v6-m/nofp\libcr_c.a(fseek.o)
                0x0000263c                fseek
 .text.ftell    0x0000272c       0x48 c:/nxp/mcuxpressoide_11.0.0_2516/ide/plugins/com.nxp.mcuxpresso.tools.win32_11.0.0.201905131304/tools/bin/../lib/gcc/arm-none-eabi/8.2.1/../../../../arm-none-eabi/lib/thumb/v6-m/nofp\libcr_c.a(ftell.o)
                0x0000272c                ftell
 .text.remove   0x00002774       0x12 c:/nxp/mcuxpressoide_11.0.0_2516/ide/plugins/com.nxp.mcuxpresso.tools.win32_11.0.0.201905131304/tools/bin/../lib/gcc/arm-none-eabi/8.2.1/../../../../arm-none-eabi/lib/thumb/v6-m/nofp\libcr_c.a(remove.o)
                0x00002774                remove
 *fill*         0x00002786        0x2 ff
 .text._do_fflush
                0x00002788       0x44 c:/nxp/mcuxpressoide_11.0.0_2516/ide/plugins/com.nxp.mcuxpresso.tools.win32_11.0.0.201905131304/tools/bin/../lib/gcc/arm-none-eabi/8.2.1/../../../../arm-none-eabi/lib/thumb/v6-m/nofp\libcr_c.a(_do_fflush.o)
                0x00002788                _do_fflush
 .text.__aeabi_division_idivmod
                0x000027cc       0x78 c:/nxp/mcuxpressoide_11.0.0_2516/ide/plugins/com.nxp.mcuxpresso.tools.win32_11.0.0.201905131304/tools/bin/../lib/gcc/arm-none-eabi/8.2.1/thumb/v6-m/nofp\libcr_eabihelpers.a(division_32.o)
                0x000027cc                __aeabi_idivmod
                0x000027cc                __aeabi_idiv
                0x000027d2                __aeabi_uidivmod
                0x000027d2                __aeabi_uidiv
 .text.__aeabi_division_idiv0
                0x00002844        0x2 c:/nxp/mcuxpressoide_11.0.0_2516/ide/plugins/com.nxp.mcuxpresso.tools.win32_11.0.0.201905131304/tools/bin/../lib/gcc/arm-none-eabi/8.2.1/thumb/v6-m/nofp\libcr_eabihelpers.a(division_idiv0.o)
                0x00002844                __aeabi_idiv0
 .text.__aeabi_memset_lowlevel
                0x00002846       0x2a c:/nxp/mcuxpressoide_11.0.0_2516/ide/plugins/com.nxp.mcuxpresso.tools.win32_11.0.0.201905131304/tools/bin/../lib/gcc/arm-none-eabi/8.2.1/thumb/v6-m/nofp\libcr_eabihelpers.a(memcpy.o)
                0x00002846                __aeabi_lowlevel_memset
 .text.__sys_close
                0x00002870        0xc c:/nxp/mcuxpressoide_11.0.0_2516/ide/plugins/com.nxp.mcuxpresso.tools.win32_11.0.0.201905131304/tools/bin/../lib/gcc/arm-none-eabi/8.2.1/../../../../arm-none-eabi/lib/thumb/v6-m/nofp\libcr_semihost_nf.a(__sys_close.o)
                0x00002870                __sys_close
 .text.__sys_flen
                0x0000287c        0xc c:/nxp/mcuxpressoide_11.0.0_2516/ide/plugins/com.nxp.mcuxpresso.tools.win32_11.0.0.201905131304/tools/bin/../lib/gcc/arm-none-eabi/8.2.1/../../../../arm-none-eabi/lib/thumb/v6-m/nofp\libcr_semihost_nf.a(__sys_flen.o)
                0x0000287c                __sys_flen
 .text.__sys_istty
                0x00002888        0xc c:/nxp/mcuxpressoide_11.0.0_2516/ide/plugins/com.nxp.mcuxpresso.tools.win32_11.0.0.201905131304/tools/bin/../lib/gcc/arm-none-eabi/8.2.1/../../../../arm-none-eabi/lib/thumb/v6-m/nofp\libcr_semihost_nf.a(__sys_istty.o)
                0x00002888                __sys_istty
 .text.__sys_remove
                0x00002894        0xc c:/nxp/mcuxpressoide_11.0.0_2516/ide/plugins/com.nxp.mcuxpresso.tools.win32_11.0.0.201905131304/tools/bin/../lib/gcc/arm-none-eabi/8.2.1/../../../../arm-none-eabi/lib/thumb/v6-m/nofp\libcr_semihost_nf.a(__sys_remove.o)
                0x00002894                __sys_remove
 .text.__sys_seek
                0x000028a0        0xc c:/nxp/mcuxpressoide_11.0.0_2516/ide/plugins/com.nxp.mcuxpresso.tools.win32_11.0.0.201905131304/tools/bin/../lib/gcc/arm-none-eabi/8.2.1/../../../../arm-none-eabi/lib/thumb/v6-m/nofp\libcr_semihost_nf.a(__sys_seek.o)
                0x000028a0                __sys_seek
 .text.__sys_tmpnam
                0x000028ac        0xc c:/nxp/mcuxpressoide_11.0.0_2516/ide/plugins/com.nxp.mcuxpresso.tools.win32_11.0.0.201905131304/tools/bin/../lib/gcc/arm-none-eabi/8.2.1/../../../../arm-none-eabi/lib/thumb/v6-m/nofp\libcr_semihost_nf.a(__sys_tmpnam.o)
                0x000028ac                __sys_tmpnam
 .text.__sys_write
                0x000028b8        0xc c:/nxp/mcuxpressoide_11.0.0_2516/ide/plugins/com.nxp.mcuxpresso.tools.win32_11.0.0.201905131304/tools/bin/../lib/gcc/arm-none-eabi/8.2.1/../../../../arm-none-eabi/lib/thumb/v6-m/nofp\libcr_semihost_nf.a(__sys_write.o)
                0x000028b8                __sys_write
 *(.rodata .rodata.* .constdata .constdata.*)
 .rodata        0x000028c4      0x12c ./debug/led.o
 .rodata.mcgConfig_BOARD_BootClockRUN
                0x000029f0        0xa ./debug/clock_config.o
                0x000029f0                mcgConfig_BOARD_BootClockRUN
 *fill*         0x000029fa        0x2 ff
 .rodata.simConfig_BOARD_BootClockRUN
                0x000029fc        0x8 ./debug/clock_config.o
                0x000029fc                simConfig_BOARD_BootClockRUN
 .rodata.oscConfig_BOARD_BootClockRUN
                0x00002a04        0x8 ./debug/clock_config.o
                0x00002a04                oscConfig_BOARD_BootClockRUN
 .rodata        0x00002a0c      0x10a ./debug/fsl_clock.o
 *fill*         0x00002b16        0x2 ff
 .rodata.fllFactorTable.5230
                0x00002b18       0x10 ./debug/fsl_clock.o
 .rodata        0x00002b28        0x4 ./debug/fsl_common.o
 .rodata        0x00002b2c      0x45d ./debug/fsl_lpsci.o
 *fill*         0x00002f89        0x3 ff
 .rodata.s_uartBases
                0x00002f8c        0xc ./debug/fsl_uart.o
 .rodata.s_uartClock
                0x00002f98        0xc ./debug/fsl_uart.o
 .rodata        0x00002fa4      0x3e8 ./debug/fsl_uart.o
 .rodata._initio.str1.1
                0x0000338c        0x4 c:/nxp/mcuxpressoide_11.0.0_2516/ide/plugins/com.nxp.mcuxpresso.tools.win32_11.0.0.201905131304/tools/bin/../lib/gcc/arm-none-eabi/8.2.1/../../../../arm-none-eabi/lib/thumb/v6-m/nofp\libcr_c.a(initio.o)
 .rodata.__num_Ciob_streams
                0x00003390        0x4 c:/nxp/mcuxpressoide_11.0.0_2516/ide/plugins/com.nxp.mcuxpresso.tools.win32_11.0.0.201905131304/tools/bin/../lib/gcc/arm-none-eabi/8.2.1/../../../../arm-none-eabi/lib/thumb/v6-m/nofp\libcr_semihost_nf.a(__ciob.o)
                0x00003390                __num_Ciob_streams
                0x00003394                . = ALIGN (0x4)

.glue_7         0x00003394        0x0
 .glue_7        0x00003394        0x0 linker stubs

.glue_7t        0x00003394        0x0
 .glue_7t       0x00003394        0x0 linker stubs

.vfp11_veneer   0x00003394        0x0
 .vfp11_veneer  0x00003394        0x0 linker stubs

.v4_bx          0x00003394        0x0
 .v4_bx         0x00003394        0x0 linker stubs

.iplt           0x00003394        0x0
 .iplt          0x00003394        0x0 ./debug/PES_Project_2.o

.rel.dyn        0x00003394        0x0
 .rel.iplt      0x00003394        0x0 ./debug/PES_Project_2.o

.ARM.extab
 *(.ARM.extab* .gnu.linkonce.armextab.*)
                0x00003394                __exidx_start = .

.ARM.exidx
 *(.ARM.exidx* .gnu.linkonce.armexidx.*)
                0x00003394                __exidx_end = .
                0x00003394                _etext = .

.m_usb_data
 *(m_usb_bdt)

.mtb_buffer_default
 *(.mtb*)

.uninit_RESERVED
                0x1ffff000        0x0
 *(.bss.$RESERVED*)
                0x1ffff000                . = ALIGN (0x4)
                0x1ffff000                _end_uninit_RESERVED = .

.data           0x1ffff000       0x58 load address 0x00003394
 FILL mask 0xff
                0x1ffff000                _data = .
 *(vtable)
 *(.ramfunc*)
 *(.data*)
 .data.t_cycle  0x1ffff000       0x50 ./debug/led.o
                0x1ffff000                t_cycle
 .data.SystemCoreClock
                0x1ffff050        0x4 ./debug/system_MKL25Z4.o
                0x1ffff050                SystemCoreClock
 .data.s_slowIrcFreq
                0x1ffff054        0x4 ./debug/fsl_clock.o
                0x1ffff058                . = ALIGN (0x4)
                0x1ffff058                _edata = .

.igot.plt       0x1ffff058        0x0 load address 0x000033ec
 .igot.plt      0x1ffff058        0x0 ./debug/PES_Project_2.o

.bss            0x1ffff058       0xf0 load address 0x000033ec
                0x1ffff058                _bss = .
 *(.bss*)
 .bss.color     0x1ffff058        0x4 ./debug/led.o
 .bss.cycle     0x1ffff05c        0x4 ./debug/led.o
                0x1ffff05c                cycle
 .bss.ct        0x1ffff060        0x4 ./debug/led.o
                0x1ffff060                ct
 .bss.g_xtal0Freq
                0x1ffff064        0x4 ./debug/fsl_clock.o
                0x1ffff064                g_xtal0Freq
 .bss.s_lpsciHandle
                0x1ffff068        0x4 ./debug/fsl_lpsci.o
 .bss.s_lpsciIsr
                0x1ffff06c        0x4 ./debug/fsl_lpsci.o
 .bss.s_uartHandle
                0x1ffff070        0xc ./debug/fsl_uart.o
 .bss.s_uartIsr
                0x1ffff07c        0x4 ./debug/fsl_uart.o
 .bss.s_debugConsole
                0x1ffff080       0x10 ./debug/fsl_debug_console.o
 .bss.errno     0x1ffff090        0x4 c:/nxp/mcuxpressoide_11.0.0_2516/ide/plugins/com.nxp.mcuxpresso.tools.win32_11.0.0.201905131304/tools/bin/../lib/gcc/arm-none-eabi/8.2.1/../../../../arm-none-eabi/lib/thumb/v6-m/nofp\libcr_c.a(errno.o)
                0x1ffff090                errno
 .bss.__Ciob    0x1ffff094       0xb4 c:/nxp/mcuxpressoide_11.0.0_2516/ide/plugins/com.nxp.mcuxpresso.tools.win32_11.0.0.201905131304/tools/bin/../lib/gcc/arm-none-eabi/8.2.1/../../../../arm-none-eabi/lib/thumb/v6-m/nofp\libcr_semihost_nf.a(__ciob.o)
                0x1ffff094                __Ciob
 *(COMMON)
                0x1ffff148                . = ALIGN (0x4)
                0x1ffff148                _ebss = .
                [!provide]                PROVIDE (end = .)

.noinit         0x1ffff148        0x0 load address 0x000033ec
                0x1ffff148                _noinit = .
 *(.noinit*)
                0x1ffff148                . = ALIGN (0x4)
                0x1ffff148                _end_noinit = .

.heap           0x1ffff148      0x400 load address 0x000033ec
                0x1ffff148                _pvHeapStart = .
                0x1ffff548                . = (. + 0x400)
 *fill*         0x1ffff148      0x400 
                0x1ffff548                . = ALIGN (0x4)
                0x1ffff548                _pvHeapLimit = .

.heap2stackfill
                0x1ffff548      0x400 load address 0x000033ec
                0x1ffff948                . = (. + 0x400)
 *fill*         0x1ffff548      0x400 

.stack          0x20002c00        0x0
                0x20002c00                _vStackBase = .
                0x20002c00                . = ALIGN (0x4)
                0x20003000                _vStackTop = (. + 0x400)
OUTPUT(./debug/PES_Project_2.axf elf32-littlearm)

.debug_info     0x00000000     0x8224
 .debug_info    0x00000000      0x335 ./debug/PES_Project_2.o
 .debug_info    0x00000335      0x836 ./debug/led.o
 .debug_info    0x00000b6b      0x4df ./debug/startup_mkl25z4.o
 .debug_info    0x0000104a      0x439 ./debug/system_MKL25Z4.o
 .debug_info    0x00001483      0x6fa ./debug/board.o
 .debug_info    0x00001b7d      0xafe ./debug/clock_config.o
 .debug_info    0x0000267b       0x3c ./debug/peripherals.o
 .debug_info    0x000026b7      0x5a3 ./debug/pin_mux.o
 .debug_info    0x00002c5a     0x1a97 ./debug/fsl_clock.o
 .debug_info    0x000046f1      0x44e ./debug/fsl_common.o
 .debug_info    0x00004b3f     0x1469 ./debug/fsl_lpsci.o
 .debug_info    0x00005fa8     0x140a ./debug/fsl_uart.o
 .debug_info    0x000073b2      0xe72 ./debug/fsl_debug_console.o

.debug_abbrev   0x00000000     0x1ab6
 .debug_abbrev  0x00000000      0x152 ./debug/PES_Project_2.o
 .debug_abbrev  0x00000152      0x20f ./debug/led.o
 .debug_abbrev  0x00000361      0x18d ./debug/startup_mkl25z4.o
 .debug_abbrev  0x000004ee      0x156 ./debug/system_MKL25Z4.o
 .debug_abbrev  0x00000644      0x185 ./debug/board.o
 .debug_abbrev  0x000007c9      0x211 ./debug/clock_config.o
 .debug_abbrev  0x000009da       0x31 ./debug/peripherals.o
 .debug_abbrev  0x00000a0b      0x1bb ./debug/pin_mux.o
 .debug_abbrev  0x00000bc6      0x36f ./debug/fsl_clock.o
 .debug_abbrev  0x00000f35      0x27e ./debug/fsl_common.o
 .debug_abbrev  0x000011b3      0x309 ./debug/fsl_lpsci.o
 .debug_abbrev  0x000014bc      0x323 ./debug/fsl_uart.o
 .debug_abbrev  0x000017df      0x2d7 ./debug/fsl_debug_console.o

.debug_aranges  0x00000000      0x7c0
 .debug_aranges
                0x00000000       0x30 ./debug/PES_Project_2.o
 .debug_aranges
                0x00000030       0x48 ./debug/led.o
 .debug_aranges
                0x00000078      0x160 ./debug/startup_mkl25z4.o
 .debug_aranges
                0x000001d8       0x28 ./debug/system_MKL25Z4.o
 .debug_aranges
                0x00000200       0x28 ./debug/board.o
 .debug_aranges
                0x00000228       0x58 ./debug/clock_config.o
 .debug_aranges
                0x00000280       0x20 ./debug/peripherals.o
 .debug_aranges
                0x000002a0       0x38 ./debug/pin_mux.o
 .debug_aranges
                0x000002d8      0x1d8 ./debug/fsl_clock.o
 .debug_aranges
                0x000004b0       0x38 ./debug/fsl_common.o
 .debug_aranges
                0x000004e8      0x118 ./debug/fsl_lpsci.o
 .debug_aranges
                0x00000600      0x130 ./debug/fsl_uart.o
 .debug_aranges
                0x00000730       0x90 ./debug/fsl_debug_console.o

.debug_ranges   0x00000000      0x6f0
 .debug_ranges  0x00000000       0x20 ./debug/PES_Project_2.o
 .debug_ranges  0x00000020       0x38 ./debug/led.o
 .debug_ranges  0x00000058      0x150 ./debug/startup_mkl25z4.o
 .debug_ranges  0x000001a8       0x18 ./debug/system_MKL25Z4.o
 .debug_ranges  0x000001c0       0x18 ./debug/board.o
 .debug_ranges  0x000001d8       0x48 ./debug/clock_config.o
 .debug_ranges  0x00000220       0x10 ./debug/peripherals.o
 .debug_ranges  0x00000230       0x28 ./debug/pin_mux.o
 .debug_ranges  0x00000258      0x1c8 ./debug/fsl_clock.o
 .debug_ranges  0x00000420       0x28 ./debug/fsl_common.o
 .debug_ranges  0x00000448      0x108 ./debug/fsl_lpsci.o
 .debug_ranges  0x00000550      0x120 ./debug/fsl_uart.o
 .debug_ranges  0x00000670       0x80 ./debug/fsl_debug_console.o

.debug_macro    0x00000000     0x96bf
 .debug_macro   0x00000000       0x6c ./debug/PES_Project_2.o
 .debug_macro   0x0000006c      0xac6 ./debug/PES_Project_2.o
 .debug_macro   0x00000b32       0x10 ./debug/PES_Project_2.o
 .debug_macro   0x00000b42      0x12e ./debug/PES_Project_2.o
 .debug_macro   0x00000c70       0xd8 ./debug/PES_Project_2.o
 .debug_macro   0x00000d48      0x5b3 ./debug/PES_Project_2.o
 .debug_macro   0x000012fb       0x10 ./debug/PES_Project_2.o
 .debug_macro   0x0000130b      0x144 ./debug/led.o
 .debug_macro   0x0000144f       0x16 ./debug/led.o
 .debug_macro   0x00001465       0x22 ./debug/led.o
 .debug_macro   0x00001487       0x10 ./debug/led.o
 .debug_macro   0x00001497       0x3f ./debug/led.o
 .debug_macro   0x000014d6       0x3a ./debug/led.o
 .debug_macro   0x00001510       0x26 ./debug/led.o
 .debug_macro   0x00001536      0x329 ./debug/led.o
 .debug_macro   0x0000185f       0x30 ./debug/led.o
 .debug_macro   0x0000188f     0x51e2 ./debug/led.o
 .debug_macro   0x00006a71     0x1352 ./debug/led.o
 .debug_macro   0x00007dc3       0x3a ./debug/led.o
 .debug_macro   0x00007dfd       0xf4 ./debug/led.o
 .debug_macro   0x00007ef1       0x35 ./debug/led.o
 .debug_macro   0x00007f26       0x1c ./debug/led.o
 .debug_macro   0x00007f42       0x1c ./debug/led.o
 .debug_macro   0x00007f5e       0x10 ./debug/led.o
 .debug_macro   0x00007f6e      0x112 ./debug/led.o
 .debug_macro   0x00008080       0x64 ./debug/led.o
 .debug_macro   0x000080e4       0x29 ./debug/startup_mkl25z4.o
 .debug_macro   0x0000810d      0xac0 ./debug/startup_mkl25z4.o
 .debug_macro   0x00008bcd       0x94 ./debug/system_MKL25Z4.o
 .debug_macro   0x00008c61      0x112 ./debug/board.o
 .debug_macro   0x00008d73       0x16 ./debug/board.o
 .debug_macro   0x00008d89       0x22 ./debug/board.o
 .debug_macro   0x00008dab      0x123 ./debug/clock_config.o
 .debug_macro   0x00008ece       0x1c ./debug/clock_config.o
 .debug_macro   0x00008eea       0x1b ./debug/peripherals.o
 .debug_macro   0x00008f05       0xee ./debug/pin_mux.o
 .debug_macro   0x00008ff3       0x10 ./debug/pin_mux.o
 .debug_macro   0x00009003      0x196 ./debug/fsl_clock.o
 .debug_macro   0x00009199       0xef ./debug/fsl_common.o
 .debug_macro   0x00009288       0xec ./debug/fsl_lpsci.o
 .debug_macro   0x00009374       0xf2 ./debug/fsl_uart.o
 .debug_macro   0x00009466      0x127 ./debug/fsl_debug_console.o
 .debug_macro   0x0000958d       0x16 ./debug/fsl_debug_console.o
 .debug_macro   0x000095a3       0x10 ./debug/fsl_debug_console.o
 .debug_macro   0x000095b3       0x28 ./debug/fsl_debug_console.o
 .debug_macro   0x000095db       0xc4 ./debug/fsl_debug_console.o
 .debug_macro   0x0000969f       0x10 ./debug/fsl_debug_console.o
 .debug_macro   0x000096af       0x10 ./debug/fsl_debug_console.o

.debug_line     0x00000000     0x5241
 .debug_line    0x00000000      0x1f4 ./debug/PES_Project_2.o
 .debug_line    0x000001f4      0x553 ./debug/led.o
 .debug_line    0x00000747      0x1e4 ./debug/startup_mkl25z4.o
 .debug_line    0x0000092b      0x33c ./debug/system_MKL25Z4.o
 .debug_line    0x00000c67      0x2d7 ./debug/board.o
 .debug_line    0x00000f3e      0x36a ./debug/clock_config.o
 .debug_line    0x000012a8       0x59 ./debug/peripherals.o
 .debug_line    0x00001301      0x2f8 ./debug/pin_mux.o
 .debug_line    0x000015f9     0x12ab ./debug/fsl_clock.o
 .debug_line    0x000028a4      0x347 ./debug/fsl_common.o
 .debug_line    0x00002beb      0xd2c ./debug/fsl_lpsci.o
 .debug_line    0x00003917      0xd1b ./debug/fsl_uart.o
 .debug_line    0x00004632      0xc0f ./debug/fsl_debug_console.o

.debug_str      0x00000000    0x35ca8
 .debug_str     0x00000000     0x48aa ./debug/PES_Project_2.o
                               0x4948 (size before relaxing)
 .debug_str     0x000048aa    0x2d3ab ./debug/led.o
                              0x31db5 (size before relaxing)
 .debug_str     0x00031c55      0x3de ./debug/startup_mkl25z4.o
                               0x3220 (size before relaxing)
 .debug_str     0x00032033      0x140 ./debug/system_MKL25Z4.o
                              0x2fc91 (size before relaxing)
 .debug_str     0x00032173       0x49 ./debug/board.o
                              0x31423 (size before relaxing)
 .debug_str     0x000321bc      0x3a0 ./debug/clock_config.o
                              0x31255 (size before relaxing)
 .debug_str     0x0003255c       0x2e ./debug/peripherals.o
                               0x2e2a (size before relaxing)
 .debug_str     0x0003258a      0x334 ./debug/pin_mux.o
                              0x30b69 (size before relaxing)
 .debug_str     0x000328be     0x1325 ./debug/fsl_clock.o
                              0x32327 (size before relaxing)
 .debug_str     0x00033be3      0x2da ./debug/fsl_common.o
                              0x308c5 (size before relaxing)
 .debug_str     0x00033ebd      0xb1c ./debug/fsl_lpsci.o
                              0x3192f (size before relaxing)
 .debug_str     0x000349d9      0x93a ./debug/fsl_uart.o
                              0x31952 (size before relaxing)
 .debug_str     0x00035313      0x995 ./debug/fsl_debug_console.o
                              0x31784 (size before relaxing)

.comment        0x00000000       0x75
 .comment       0x00000000       0x75 ./debug/PES_Project_2.o
                                 0x76 (size before relaxing)
 .comment       0x00000075       0x76 ./debug/led.o
 .comment       0x00000075       0x76 ./debug/startup_mkl25z4.o
 .comment       0x00000075       0x76 ./debug/system_MKL25Z4.o
 .comment       0x00000075       0x76 ./debug/board.o
 .comment       0x00000075       0x76 ./debug/clock_config.o
 .comment       0x00000075       0x76 ./debug/peripherals.o
 .comment       0x00000075       0x76 ./debug/pin_mux.o
 .comment       0x00000075       0x76 ./debug/fsl_clock.o
 .comment       0x00000075       0x76 ./debug/fsl_common.o
 .comment       0x00000075       0x76 ./debug/fsl_lpsci.o
 .comment       0x00000075       0x76 ./debug/fsl_uart.o
 .comment       0x00000075       0x76 ./debug/fsl_debug_console.o
 .comment       0x00000075       0x76 c:/nxp/mcuxpressoide_11.0.0_2516/ide/plugins/com.nxp.mcuxpresso.tools.win32_11.0.0.201905131304/tools/bin/../lib/gcc/arm-none-eabi/8.2.1/../../../../arm-none-eabi/lib/thumb/v6-m/nofp\libcr_semihost_nf.a(_cr__main.o)
 .comment       0x00000075       0x76 c:/nxp/mcuxpressoide_11.0.0_2516/ide/plugins/com.nxp.mcuxpresso.tools.win32_11.0.0.201905131304/tools/bin/../lib/gcc/arm-none-eabi/8.2.1/../../../../arm-none-eabi/lib/thumb/v6-m/nofp\libcr_c.a(memset.o)
 .comment       0x00000075       0x76 c:/nxp/mcuxpressoide_11.0.0_2516/ide/plugins/com.nxp.mcuxpresso.tools.win32_11.0.0.201905131304/tools/bin/../lib/gcc/arm-none-eabi/8.2.1/../../../../arm-none-eabi/lib/thumb/v6-m/nofp\libcr_c.a(initio.o)
 .comment       0x00000075       0x76 c:/nxp/mcuxpressoide_11.0.0_2516/ide/plugins/com.nxp.mcuxpresso.tools.win32_11.0.0.201905131304/tools/bin/../lib/gcc/arm-none-eabi/8.2.1/../../../../arm-none-eabi/lib/thumb/v6-m/nofp\libcr_c.a(setvbuf.o)
 .comment       0x00000075       0x76 c:/nxp/mcuxpressoide_11.0.0_2516/ide/plugins/com.nxp.mcuxpresso.tools.win32_11.0.0.201905131304/tools/bin/../lib/gcc/arm-none-eabi/8.2.1/../../../../arm-none-eabi/lib/thumb/v6-m/nofp\libcr_c.a(strlen.o)
 .comment       0x00000075       0x76 c:/nxp/mcuxpressoide_11.0.0_2516/ide/plugins/com.nxp.mcuxpresso.tools.win32_11.0.0.201905131304/tools/bin/../lib/gcc/arm-none-eabi/8.2.1/../../../../arm-none-eabi/lib/thumb/v6-m/nofp\libcr_c.a(_deferredlazyseek.o)
 .comment       0x00000075       0x76 c:/nxp/mcuxpressoide_11.0.0_2516/ide/plugins/com.nxp.mcuxpresso.tools.win32_11.0.0.201905131304/tools/bin/../lib/gcc/arm-none-eabi/8.2.1/../../../../arm-none-eabi/lib/thumb/v6-m/nofp\libcr_c.a(_fdopen.o)
 .comment       0x00000075       0x76 c:/nxp/mcuxpressoide_11.0.0_2516/ide/plugins/com.nxp.mcuxpresso.tools.win32_11.0.0.201905131304/tools/bin/../lib/gcc/arm-none-eabi/8.2.1/../../../../arm-none-eabi/lib/thumb/v6-m/nofp\libcr_c.a(_fflush.o)
 .comment       0x00000075       0x76 c:/nxp/mcuxpressoide_11.0.0_2516/ide/plugins/com.nxp.mcuxpresso.tools.win32_11.0.0.201905131304/tools/bin/../lib/gcc/arm-none-eabi/8.2.1/../../../../arm-none-eabi/lib/thumb/v6-m/nofp\libcr_c.a(_writebuf.o)
 .comment       0x00000075       0x76 c:/nxp/mcuxpressoide_11.0.0_2516/ide/plugins/com.nxp.mcuxpresso.tools.win32_11.0.0.201905131304/tools/bin/../lib/gcc/arm-none-eabi/8.2.1/../../../../arm-none-eabi/lib/thumb/v6-m/nofp\libcr_c.a(alloc.o)
 .comment       0x00000075       0x76 c:/nxp/mcuxpressoide_11.0.0_2516/ide/plugins/com.nxp.mcuxpresso.tools.win32_11.0.0.201905131304/tools/bin/../lib/gcc/arm-none-eabi/8.2.1/../../../../arm-none-eabi/lib/thumb/v6-m/nofp\libcr_c.a(fclose.o)
 .comment       0x00000075       0x76 c:/nxp/mcuxpressoide_11.0.0_2516/ide/plugins/com.nxp.mcuxpresso.tools.win32_11.0.0.201905131304/tools/bin/../lib/gcc/arm-none-eabi/8.2.1/../../../../arm-none-eabi/lib/thumb/v6-m/nofp\libcr_c.a(fflush.o)
 .comment       0x00000075       0x76 c:/nxp/mcuxpressoide_11.0.0_2516/ide/plugins/com.nxp.mcuxpresso.tools.win32_11.0.0.201905131304/tools/bin/../lib/gcc/arm-none-eabi/8.2.1/../../../../arm-none-eabi/lib/thumb/v6-m/nofp\libcr_c.a(fseek.o)
 .comment       0x00000075       0x76 c:/nxp/mcuxpressoide_11.0.0_2516/ide/plugins/com.nxp.mcuxpresso.tools.win32_11.0.0.201905131304/tools/bin/../lib/gcc/arm-none-eabi/8.2.1/../../../../arm-none-eabi/lib/thumb/v6-m/nofp\libcr_c.a(ftell.o)
 .comment       0x00000075       0x76 c:/nxp/mcuxpressoide_11.0.0_2516/ide/plugins/com.nxp.mcuxpresso.tools.win32_11.0.0.201905131304/tools/bin/../lib/gcc/arm-none-eabi/8.2.1/../../../../arm-none-eabi/lib/thumb/v6-m/nofp\libcr_c.a(remove.o)
 .comment       0x00000075       0x76 c:/nxp/mcuxpressoide_11.0.0_2516/ide/plugins/com.nxp.mcuxpresso.tools.win32_11.0.0.201905131304/tools/bin/../lib/gcc/arm-none-eabi/8.2.1/../../../../arm-none-eabi/lib/thumb/v6-m/nofp\libcr_c.a(_do_fflush.o)
 .comment       0x00000075       0x76 c:/nxp/mcuxpressoide_11.0.0_2516/ide/plugins/com.nxp.mcuxpresso.tools.win32_11.0.0.201905131304/tools/bin/../lib/gcc/arm-none-eabi/8.2.1/../../../../arm-none-eabi/lib/thumb/v6-m/nofp\libcr_c.a(errno.o)
 .comment       0x00000075       0x76 c:/nxp/mcuxpressoide_11.0.0_2516/ide/plugins/com.nxp.mcuxpresso.tools.win32_11.0.0.201905131304/tools/bin/../lib/gcc/arm-none-eabi/8.2.1/../../../../arm-none-eabi/lib/thumb/v6-m/nofp\libcr_semihost_nf.a(__ciob.o)

.ARM.attributes
                0x00000000       0x2a
 .ARM.attributes
                0x00000000       0x2c ./debug/PES_Project_2.o
 .ARM.attributes
                0x0000002c       0x2c ./debug/led.o
 .ARM.attributes
                0x00000058       0x2c ./debug/startup_mkl25z4.o
 .ARM.attributes
                0x00000084       0x2c ./debug/system_MKL25Z4.o
 .ARM.attributes
                0x000000b0       0x2c ./debug/board.o
 .ARM.attributes
                0x000000dc       0x2c ./debug/clock_config.o
 .ARM.attributes
                0x00000108       0x2c ./debug/peripherals.o
 .ARM.attributes
                0x00000134       0x2c ./debug/pin_mux.o
 .ARM.attributes
                0x00000160       0x2c ./debug/fsl_clock.o
 .ARM.attributes
                0x0000018c       0x2c ./debug/fsl_common.o
 .ARM.attributes
                0x000001b8       0x2c ./debug/fsl_lpsci.o
 .ARM.attributes
                0x000001e4       0x2c ./debug/fsl_uart.o
 .ARM.attributes
                0x00000210       0x2c ./debug/fsl_debug_console.o
 .ARM.attributes
                0x0000023c       0x2c c:/nxp/mcuxpressoide_11.0.0_2516/ide/plugins/com.nxp.mcuxpresso.tools.win32_11.0.0.201905131304/tools/bin/../lib/gcc/arm-none-eabi/8.2.1/../../../../arm-none-eabi/lib/thumb/v6-m/nofp\libcr_semihost_nf.a(_cr__main.o)
 .ARM.attributes
                0x00000268       0x2c c:/nxp/mcuxpressoide_11.0.0_2516/ide/plugins/com.nxp.mcuxpresso.tools.win32_11.0.0.201905131304/tools/bin/../lib/gcc/arm-none-eabi/8.2.1/../../../../arm-none-eabi/lib/thumb/v6-m/nofp\libcr_c.a(memset.o)
 .ARM.attributes
                0x00000294       0x2c c:/nxp/mcuxpressoide_11.0.0_2516/ide/plugins/com.nxp.mcuxpresso.tools.win32_11.0.0.201905131304/tools/bin/../lib/gcc/arm-none-eabi/8.2.1/../../../../arm-none-eabi/lib/thumb/v6-m/nofp\libcr_c.a(initio.o)
 .ARM.attributes
                0x000002c0       0x2c c:/nxp/mcuxpressoide_11.0.0_2516/ide/plugins/com.nxp.mcuxpresso.tools.win32_11.0.0.201905131304/tools/bin/../lib/gcc/arm-none-eabi/8.2.1/../../../../arm-none-eabi/lib/thumb/v6-m/nofp\libcr_c.a(setvbuf.o)
 .ARM.attributes
                0x000002ec       0x2c c:/nxp/mcuxpressoide_11.0.0_2516/ide/plugins/com.nxp.mcuxpresso.tools.win32_11.0.0.201905131304/tools/bin/../lib/gcc/arm-none-eabi/8.2.1/../../../../arm-none-eabi/lib/thumb/v6-m/nofp\libcr_c.a(strlen.o)
 .ARM.attributes
                0x00000318       0x2c c:/nxp/mcuxpressoide_11.0.0_2516/ide/plugins/com.nxp.mcuxpresso.tools.win32_11.0.0.201905131304/tools/bin/../lib/gcc/arm-none-eabi/8.2.1/../../../../arm-none-eabi/lib/thumb/v6-m/nofp\libcr_c.a(_deferredlazyseek.o)
 .ARM.attributes
                0x00000344       0x2c c:/nxp/mcuxpressoide_11.0.0_2516/ide/plugins/com.nxp.mcuxpresso.tools.win32_11.0.0.201905131304/tools/bin/../lib/gcc/arm-none-eabi/8.2.1/../../../../arm-none-eabi/lib/thumb/v6-m/nofp\libcr_c.a(_fdopen.o)
 .ARM.attributes
                0x00000370       0x2c c:/nxp/mcuxpressoide_11.0.0_2516/ide/plugins/com.nxp.mcuxpresso.tools.win32_11.0.0.201905131304/tools/bin/../lib/gcc/arm-none-eabi/8.2.1/../../../../arm-none-eabi/lib/thumb/v6-m/nofp\libcr_c.a(_fflush.o)
 .ARM.attributes
                0x0000039c       0x2c c:/nxp/mcuxpressoide_11.0.0_2516/ide/plugins/com.nxp.mcuxpresso.tools.win32_11.0.0.201905131304/tools/bin/../lib/gcc/arm-none-eabi/8.2.1/../../../../arm-none-eabi/lib/thumb/v6-m/nofp\libcr_c.a(_writebuf.o)
 .ARM.attributes
                0x000003c8       0x2c c:/nxp/mcuxpressoide_11.0.0_2516/ide/plugins/com.nxp.mcuxpresso.tools.win32_11.0.0.201905131304/tools/bin/../lib/gcc/arm-none-eabi/8.2.1/../../../../arm-none-eabi/lib/thumb/v6-m/nofp\libcr_c.a(alloc.o)
 .ARM.attributes
                0x000003f4       0x2c c:/nxp/mcuxpressoide_11.0.0_2516/ide/plugins/com.nxp.mcuxpresso.tools.win32_11.0.0.201905131304/tools/bin/../lib/gcc/arm-none-eabi/8.2.1/../../../../arm-none-eabi/lib/thumb/v6-m/nofp\libcr_c.a(fclose.o)
 .ARM.attributes
                0x00000420       0x2c c:/nxp/mcuxpressoide_11.0.0_2516/ide/plugins/com.nxp.mcuxpresso.tools.win32_11.0.0.201905131304/tools/bin/../lib/gcc/arm-none-eabi/8.2.1/../../../../arm-none-eabi/lib/thumb/v6-m/nofp\libcr_c.a(fflush.o)
 .ARM.attributes
                0x0000044c       0x2c c:/nxp/mcuxpressoide_11.0.0_2516/ide/plugins/com.nxp.mcuxpresso.tools.win32_11.0.0.201905131304/tools/bin/../lib/gcc/arm-none-eabi/8.2.1/../../../../arm-none-eabi/lib/thumb/v6-m/nofp\libcr_c.a(fseek.o)
 .ARM.attributes
                0x00000478       0x2c c:/nxp/mcuxpressoide_11.0.0_2516/ide/plugins/com.nxp.mcuxpresso.tools.win32_11.0.0.201905131304/tools/bin/../lib/gcc/arm-none-eabi/8.2.1/../../../../arm-none-eabi/lib/thumb/v6-m/nofp\libcr_c.a(ftell.o)
 .ARM.attributes
                0x000004a4       0x2c c:/nxp/mcuxpressoide_11.0.0_2516/ide/plugins/com.nxp.mcuxpresso.tools.win32_11.0.0.201905131304/tools/bin/../lib/gcc/arm-none-eabi/8.2.1/../../../../arm-none-eabi/lib/thumb/v6-m/nofp\libcr_c.a(remove.o)
 .ARM.attributes
                0x000004d0       0x2c c:/nxp/mcuxpressoide_11.0.0_2516/ide/plugins/com.nxp.mcuxpresso.tools.win32_11.0.0.201905131304/tools/bin/../lib/gcc/arm-none-eabi/8.2.1/../../../../arm-none-eabi/lib/thumb/v6-m/nofp\libcr_c.a(_do_fflush.o)
 .ARM.attributes
                0x000004fc       0x31 c:/nxp/mcuxpressoide_11.0.0_2516/ide/plugins/com.nxp.mcuxpresso.tools.win32_11.0.0.201905131304/tools/bin/../lib/gcc/arm-none-eabi/8.2.1/../../../../arm-none-eabi/lib/thumb/v6-m/nofp\libcr_c.a(errno.o)
 .ARM.attributes
                0x0000052d       0x1c c:/nxp/mcuxpressoide_11.0.0_2516/ide/plugins/com.nxp.mcuxpresso.tools.win32_11.0.0.201905131304/tools/bin/../lib/gcc/arm-none-eabi/8.2.1/thumb/v6-m/nofp\libcr_eabihelpers.a(division_32.o)
 .ARM.attributes
                0x00000549       0x1c c:/nxp/mcuxpressoide_11.0.0_2516/ide/plugins/com.nxp.mcuxpresso.tools.win32_11.0.0.201905131304/tools/bin/../lib/gcc/arm-none-eabi/8.2.1/thumb/v6-m/nofp\libcr_eabihelpers.a(division_idiv0.o)
 .ARM.attributes
                0x00000565       0x1c c:/nxp/mcuxpressoide_11.0.0_2516/ide/plugins/com.nxp.mcuxpresso.tools.win32_11.0.0.201905131304/tools/bin/../lib/gcc/arm-none-eabi/8.2.1/thumb/v6-m/nofp\libcr_eabihelpers.a(memcpy.o)
 .ARM.attributes
                0x00000581       0x31 c:/nxp/mcuxpressoide_11.0.0_2516/ide/plugins/com.nxp.mcuxpresso.tools.win32_11.0.0.201905131304/tools/bin/../lib/gcc/arm-none-eabi/8.2.1/../../../../arm-none-eabi/lib/thumb/v6-m/nofp\libcr_semihost_nf.a(__ciob.o)
 .ARM.attributes
                0x000005b2       0x1c c:/nxp/mcuxpressoide_11.0.0_2516/ide/plugins/com.nxp.mcuxpresso.tools.win32_11.0.0.201905131304/tools/bin/../lib/gcc/arm-none-eabi/8.2.1/../../../../arm-none-eabi/lib/thumb/v6-m/nofp\libcr_semihost_nf.a(__sys_close.o)
 .ARM.attributes
                0x000005ce       0x1c c:/nxp/mcuxpressoide_11.0.0_2516/ide/plugins/com.nxp.mcuxpresso.tools.win32_11.0.0.201905131304/tools/bin/../lib/gcc/arm-none-eabi/8.2.1/../../../../arm-none-eabi/lib/thumb/v6-m/nofp\libcr_semihost_nf.a(__sys_flen.o)
 .ARM.attributes
                0x000005ea       0x1c c:/nxp/mcuxpressoide_11.0.0_2516/ide/plugins/com.nxp.mcuxpresso.tools.win32_11.0.0.201905131304/tools/bin/../lib/gcc/arm-none-eabi/8.2.1/../../../../arm-none-eabi/lib/thumb/v6-m/nofp\libcr_semihost_nf.a(__sys_istty.o)
 .ARM.attributes
                0x00000606       0x1c c:/nxp/mcuxpressoide_11.0.0_2516/ide/plugins/com.nxp.mcuxpresso.tools.win32_11.0.0.201905131304/tools/bin/../lib/gcc/arm-none-eabi/8.2.1/../../../../arm-none-eabi/lib/thumb/v6-m/nofp\libcr_semihost_nf.a(__sys_remove.o)
 .ARM.attributes
                0x00000622       0x1c c:/nxp/mcuxpressoide_11.0.0_2516/ide/plugins/com.nxp.mcuxpresso.tools.win32_11.0.0.201905131304/tools/bin/../lib/gcc/arm-none-eabi/8.2.1/../../../../arm-none-eabi/lib/thumb/v6-m/nofp\libcr_semihost_nf.a(__sys_seek.o)
 .ARM.attributes
                0x0000063e       0x1c c:/nxp/mcuxpressoide_11.0.0_2516/ide/plugins/com.nxp.mcuxpresso.tools.win32_11.0.0.201905131304/tools/bin/../lib/gcc/arm-none-eabi/8.2.1/../../../../arm-none-eabi/lib/thumb/v6-m/nofp\libcr_semihost_nf.a(__sys_tmpnam.o)
 .ARM.attributes
                0x0000065a       0x1c c:/nxp/mcuxpressoide_11.0.0_2516/ide/plugins/com.nxp.mcuxpresso.tools.win32_11.0.0.201905131304/tools/bin/../lib/gcc/arm-none-eabi/8.2.1/../../../../arm-none-eabi/lib/thumb/v6-m/nofp\libcr_semihost_nf.a(__sys_write.o)

.debug_frame    0x00000000     0x1914
 .debug_frame   0x00000000       0x6c ./debug/PES_Project_2.o
 .debug_frame   0x0000006c       0xc8 ./debug/led.o
 .debug_frame   0x00000134      0x3b0 ./debug/startup_mkl25z4.o
 .debug_frame   0x000004e4       0x4c ./debug/system_MKL25Z4.o
 .debug_frame   0x00000530       0x50 ./debug/board.o
 .debug_frame   0x00000580      0x100 ./debug/clock_config.o
 .debug_frame   0x00000680       0x2c ./debug/peripherals.o
 .debug_frame   0x000006ac       0x88 ./debug/pin_mux.o
 .debug_frame   0x00000734      0x6e0 ./debug/fsl_clock.o
 .debug_frame   0x00000e14       0x90 ./debug/fsl_common.o
 .debug_frame   0x00000ea4      0x418 ./debug/fsl_lpsci.o
 .debug_frame   0x000012bc      0x468 ./debug/fsl_uart.o
 .debug_frame   0x00001724      0x1f0 ./debug/fsl_debug_console.o
